<?xml version="1.0" encoding="ISO-8859-1" ?>
<link_info>
   <banner>TI ARM Linker PC v20.2.5.LTS</banner>
   <copyright>Copyright (c) 1996-2018 Texas Instruments Incorporated</copyright>
   <link_time>0x60f53577</link_time>
   <link_errors>0x0</link_errors>
   <output_file>SmallProjectForTests.out</output_file>
   <entry_point>
      <name>_c_int00_noargs</name>
      <address>0x30f1</address>
   </entry_point>
   <input_file_list>
      <input_file id="fl-2">
         <path>.\</path>
         <kind>object</kind>
         <file>tm4c1294kcpdt_startup_ccs.obj</file>
         <name>tm4c1294kcpdt_startup_ccs.obj</name>
      </input_file>
      <input_file id="fl-3">
         <path>.\lib\driverlib\</path>
         <kind>object</kind>
         <file>adc.obj</file>
         <name>adc.obj</name>
      </input_file>
      <input_file id="fl-4">
         <path>.\lib\driverlib\</path>
         <kind>object</kind>
         <file>aes.obj</file>
         <name>aes.obj</name>
      </input_file>
      <input_file id="fl-5">
         <path>.\lib\driverlib\</path>
         <kind>object</kind>
         <file>can.obj</file>
         <name>can.obj</name>
      </input_file>
      <input_file id="fl-6">
         <path>.\lib\driverlib\</path>
         <kind>object</kind>
         <file>comp.obj</file>
         <name>comp.obj</name>
      </input_file>
      <input_file id="fl-7">
         <path>.\lib\driverlib\</path>
         <kind>object</kind>
         <file>cpu.obj</file>
         <name>cpu.obj</name>
      </input_file>
      <input_file id="fl-8">
         <path>.\lib\driverlib\</path>
         <kind>object</kind>
         <file>crc.obj</file>
         <name>crc.obj</name>
      </input_file>
      <input_file id="fl-9">
         <path>.\lib\driverlib\</path>
         <kind>object</kind>
         <file>des.obj</file>
         <name>des.obj</name>
      </input_file>
      <input_file id="fl-a">
         <path>.\lib\driverlib\</path>
         <kind>object</kind>
         <file>eeprom.obj</file>
         <name>eeprom.obj</name>
      </input_file>
      <input_file id="fl-b">
         <path>.\lib\driverlib\</path>
         <kind>object</kind>
         <file>emac.obj</file>
         <name>emac.obj</name>
      </input_file>
      <input_file id="fl-c">
         <path>.\lib\driverlib\</path>
         <kind>object</kind>
         <file>epi.obj</file>
         <name>epi.obj</name>
      </input_file>
      <input_file id="fl-d">
         <path>.\lib\driverlib\</path>
         <kind>object</kind>
         <file>epi_workaround_ccs.obj</file>
         <name>epi_workaround_ccs.obj</name>
      </input_file>
      <input_file id="fl-e">
         <path>.\lib\driverlib\</path>
         <kind>object</kind>
         <file>flash.obj</file>
         <name>flash.obj</name>
      </input_file>
      <input_file id="fl-f">
         <path>.\lib\driverlib\</path>
         <kind>object</kind>
         <file>fpu.obj</file>
         <name>fpu.obj</name>
      </input_file>
      <input_file id="fl-10">
         <path>.\lib\driverlib\</path>
         <kind>object</kind>
         <file>gpio.obj</file>
         <name>gpio.obj</name>
      </input_file>
      <input_file id="fl-11">
         <path>.\lib\driverlib\</path>
         <kind>object</kind>
         <file>hibernate.obj</file>
         <name>hibernate.obj</name>
      </input_file>
      <input_file id="fl-12">
         <path>.\lib\driverlib\</path>
         <kind>object</kind>
         <file>i2c.obj</file>
         <name>i2c.obj</name>
      </input_file>
      <input_file id="fl-13">
         <path>.\lib\driverlib\</path>
         <kind>object</kind>
         <file>interrupt.obj</file>
         <name>interrupt.obj</name>
      </input_file>
      <input_file id="fl-14">
         <path>.\lib\driverlib\</path>
         <kind>object</kind>
         <file>lcd.obj</file>
         <name>lcd.obj</name>
      </input_file>
      <input_file id="fl-15">
         <path>.\lib\driverlib\</path>
         <kind>object</kind>
         <file>mpu.obj</file>
         <name>mpu.obj</name>
      </input_file>
      <input_file id="fl-16">
         <path>.\lib\driverlib\</path>
         <kind>object</kind>
         <file>onewire.obj</file>
         <name>onewire.obj</name>
      </input_file>
      <input_file id="fl-17">
         <path>.\lib\driverlib\</path>
         <kind>object</kind>
         <file>pwm.obj</file>
         <name>pwm.obj</name>
      </input_file>
      <input_file id="fl-18">
         <path>.\lib\driverlib\</path>
         <kind>object</kind>
         <file>qei.obj</file>
         <name>qei.obj</name>
      </input_file>
      <input_file id="fl-19">
         <path>.\lib\driverlib\</path>
         <kind>object</kind>
         <file>shamd5.obj</file>
         <name>shamd5.obj</name>
      </input_file>
      <input_file id="fl-1a">
         <path>.\lib\driverlib\</path>
         <kind>object</kind>
         <file>ssi.obj</file>
         <name>ssi.obj</name>
      </input_file>
      <input_file id="fl-1b">
         <path>.\lib\driverlib\</path>
         <kind>object</kind>
         <file>sw_crc.obj</file>
         <name>sw_crc.obj</name>
      </input_file>
      <input_file id="fl-1c">
         <path>.\lib\driverlib\</path>
         <kind>object</kind>
         <file>sysctl.obj</file>
         <name>sysctl.obj</name>
      </input_file>
      <input_file id="fl-1d">
         <path>.\lib\driverlib\</path>
         <kind>object</kind>
         <file>sysexc.obj</file>
         <name>sysexc.obj</name>
      </input_file>
      <input_file id="fl-1e">
         <path>.\lib\driverlib\</path>
         <kind>object</kind>
         <file>systick.obj</file>
         <name>systick.obj</name>
      </input_file>
      <input_file id="fl-1f">
         <path>.\lib\driverlib\</path>
         <kind>object</kind>
         <file>timer.obj</file>
         <name>timer.obj</name>
      </input_file>
      <input_file id="fl-20">
         <path>.\lib\driverlib\</path>
         <kind>object</kind>
         <file>uart.obj</file>
         <name>uart.obj</name>
      </input_file>
      <input_file id="fl-21">
         <path>.\lib\driverlib\</path>
         <kind>object</kind>
         <file>udma.obj</file>
         <name>udma.obj</name>
      </input_file>
      <input_file id="fl-22">
         <path>.\lib\driverlib\</path>
         <kind>object</kind>
         <file>usb.obj</file>
         <name>usb.obj</name>
      </input_file>
      <input_file id="fl-23">
         <path>.\lib\driverlib\</path>
         <kind>object</kind>
         <file>watchdog.obj</file>
         <name>watchdog.obj</name>
      </input_file>
      <input_file id="fl-24">
         <path>.\sources\</path>
         <kind>object</kind>
         <file>ioExp.obj</file>
         <name>ioExp.obj</name>
      </input_file>
      <input_file id="fl-25">
         <path>.\sources\</path>
         <kind>object</kind>
         <file>main.obj</file>
         <name>main.obj</name>
      </input_file>
      <input_file id="fl-26">
         <path>.\sources\</path>
         <kind>object</kind>
         <file>myFunctions.obj</file>
         <name>myFunctions.obj</name>
      </input_file>
      <input_file id="fl-27">
         <path>.\sources\</path>
         <kind>object</kind>
         <file>watchdog_ext.obj</file>
         <name>watchdog_ext.obj</name>
      </input_file>
      <input_file id="fl-2b">
         <kind>object</kind>
         <file>&lt;internal&gt;</file>
         <name>&lt;internal&gt;</name>
      </input_file>
      <input_file id="fl-e1">
         <path>C:\ti\ccs1040\ccs\tools\compiler\ti-cgt-arm_20.2.5.LTS\lib\</path>
         <kind>archive</kind>
         <file>rtsv7M4_T_le_v4SPD16_eabi.lib</file>
         <name>fd_div_t2.asm.obj</name>
      </input_file>
      <input_file id="fl-e2">
         <path>C:\ti\ccs1040\ccs\tools\compiler\ti-cgt-arm_20.2.5.LTS\lib\</path>
         <kind>archive</kind>
         <file>rtsv7M4_T_le_v4SPD16_eabi.lib</file>
         <name>fd_mul_t2.asm.obj</name>
      </input_file>
      <input_file id="fl-e3">
         <path>C:\ti\ccs1040\ccs\tools\compiler\ti-cgt-arm_20.2.5.LTS\lib\</path>
         <kind>archive</kind>
         <file>rtsv7M4_T_le_v4SPD16_eabi.lib</file>
         <name>fd_tou_t2.asm.obj</name>
      </input_file>
      <input_file id="fl-e4">
         <path>C:\ti\ccs1040\ccs\tools\compiler\ti-cgt-arm_20.2.5.LTS\lib\</path>
         <kind>archive</kind>
         <file>rtsv7M4_T_le_v4SPD16_eabi.lib</file>
         <name>u_tofd_t2.asm.obj</name>
      </input_file>
      <input_file id="fl-e5">
         <path>C:\ti\ccs1040\ccs\tools\compiler\ti-cgt-arm_20.2.5.LTS\lib\</path>
         <kind>archive</kind>
         <file>rtsv7M4_T_le_v4SPD16_eabi.lib</file>
         <name>copy_zero_init.c.obj</name>
      </input_file>
      <input_file id="fl-e6">
         <path>C:\ti\ccs1040\ccs\tools\compiler\ti-cgt-arm_20.2.5.LTS\lib\</path>
         <kind>archive</kind>
         <file>rtsv7M4_T_le_v4SPD16_eabi.lib</file>
         <name>copy_decompress_none.c.obj</name>
      </input_file>
      <input_file id="fl-e7">
         <path>C:\ti\ccs1040\ccs\tools\compiler\ti-cgt-arm_20.2.5.LTS\lib\</path>
         <kind>archive</kind>
         <file>rtsv7M4_T_le_v4SPD16_eabi.lib</file>
         <name>copy_decompress_lzss.c.obj</name>
      </input_file>
      <input_file id="fl-e8">
         <path>C:\ti\ccs1040\ccs\tools\compiler\ti-cgt-arm_20.2.5.LTS\lib\</path>
         <kind>archive</kind>
         <file>rtsv7M4_T_le_v4SPD16_eabi.lib</file>
         <name>boot_cortex_m.c.obj</name>
      </input_file>
      <input_file id="fl-e9">
         <path>C:\ti\ccs1040\ccs\tools\compiler\ti-cgt-arm_20.2.5.LTS\lib\</path>
         <kind>archive</kind>
         <file>rtsv7M4_T_le_v4SPD16_eabi.lib</file>
         <name>memcpy_t2.asm.obj</name>
      </input_file>
      <input_file id="fl-ea">
         <path>C:\ti\ccs1040\ccs\tools\compiler\ti-cgt-arm_20.2.5.LTS\lib\</path>
         <kind>archive</kind>
         <file>rtsv7M4_T_le_v4SPD16_eabi.lib</file>
         <name>memset_t2.asm.obj</name>
      </input_file>
      <input_file id="fl-eb">
         <path>C:\ti\ccs1040\ccs\tools\compiler\ti-cgt-arm_20.2.5.LTS\lib\</path>
         <kind>archive</kind>
         <file>rtsv7M4_T_le_v4SPD16_eabi.lib</file>
         <name>autoinit.c.obj</name>
      </input_file>
      <input_file id="fl-ec">
         <path>C:\ti\ccs1040\ccs\tools\compiler\ti-cgt-arm_20.2.5.LTS\lib\</path>
         <kind>archive</kind>
         <file>rtsv7M4_T_le_v4SPD16_eabi.lib</file>
         <name>pre_init.c.obj</name>
      </input_file>
      <input_file id="fl-ed">
         <path>C:\ti\ccs1040\ccs\tools\compiler\ti-cgt-arm_20.2.5.LTS\lib\</path>
         <kind>archive</kind>
         <file>rtsv7M4_T_le_v4SPD16_eabi.lib</file>
         <name>cpy_tbl.c.obj</name>
      </input_file>
      <input_file id="fl-ee">
         <path>C:\ti\ccs1040\ccs\tools\compiler\ti-cgt-arm_20.2.5.LTS\lib\</path>
         <kind>archive</kind>
         <file>rtsv7M4_T_le_v4SPD16_eabi.lib</file>
         <name>exit.c.obj</name>
      </input_file>
      <input_file id="fl-ef">
         <path>C:\ti\ccs1040\ccs\tools\compiler\ti-cgt-arm_20.2.5.LTS\lib\</path>
         <kind>archive</kind>
         <file>rtsv7M4_T_le_v4SPD16_eabi.lib</file>
         <name>_lock.c.obj</name>
      </input_file>
      <input_file id="fl-f0">
         <path>C:\ti\ccs1040\ccs\tools\compiler\ti-cgt-arm_20.2.5.LTS\lib\</path>
         <kind>archive</kind>
         <file>rtsv7M4_T_le_v4SPD16_eabi.lib</file>
         <name>args_main.c.obj</name>
      </input_file>
   </input_file_list>
   <object_component_list>
      <object_component id="oc-12">
         <name>.intvecs</name>
         <load_address>0x0</load_address>
         <run_address>0x0</run_address>
         <size>0x208</size>
         <input_file_ref idref="fl-2"/>
      </object_component>
      <object_component id="oc-c2">
         <name>.text</name>
         <load_address>0x208</load_address>
         <run_address>0x208</run_address>
         <size>0xf80</size>
         <input_file_ref idref="fl-1c"/>
      </object_component>
      <object_component id="oc-13b">
         <name>.text</name>
         <load_address>0x1188</load_address>
         <run_address>0x1188</run_address>
         <size>0xc14</size>
         <input_file_ref idref="fl-10"/>
      </object_component>
      <object_component id="oc-141">
         <name>.text</name>
         <load_address>0x1d9c</load_address>
         <run_address>0x1d9c</run_address>
         <size>0x6f8</size>
         <input_file_ref idref="fl-12"/>
      </object_component>
      <object_component id="oc-c8">
         <name>.text</name>
         <load_address>0x2494</load_address>
         <run_address>0x2494</run_address>
         <size>0x418</size>
         <input_file_ref idref="fl-24"/>
      </object_component>
      <object_component id="oc-119">
         <name>.text</name>
         <load_address>0x28ac</load_address>
         <run_address>0x28ac</run_address>
         <size>0x3c0</size>
         <input_file_ref idref="fl-13"/>
      </object_component>
      <object_component id="oc-ce">
         <name>.text</name>
         <load_address>0x2c6c</load_address>
         <run_address>0x2c6c</run_address>
         <size>0x188</size>
         <input_file_ref idref="fl-26"/>
      </object_component>
      <object_component id="oc-158">
         <name>.text</name>
         <load_address>0x2df4</load_address>
         <run_address>0x2df4</run_address>
         <size>0x136</size>
         <input_file_ref idref="fl-e1"/>
      </object_component>
      <object_component id="oc-153">
         <name>.text</name>
         <load_address>0x2f2a</load_address>
         <run_address>0x2f2a</run_address>
         <size>0xfc</size>
         <input_file_ref idref="fl-e2"/>
      </object_component>
      <object_component id="oc-e4">
         <name>.text:__TI_auto_init_nobinit_nopinit:__TI_auto_init_nobinit_nopinit</name>
         <load_address>0x3028</load_address>
         <run_address>0x3028</run_address>
         <size>0x44</size>
         <input_file_ref idref="fl-eb"/>
      </object_component>
      <object_component id="oc-15d">
         <name>.text</name>
         <load_address>0x306c</load_address>
         <run_address>0x306c</run_address>
         <size>0x44</size>
         <input_file_ref idref="fl-e3"/>
      </object_component>
      <object_component id="oc-11f">
         <name>.text</name>
         <load_address>0x30b0</load_address>
         <run_address>0x30b0</run_address>
         <size>0x3e</size>
         <input_file_ref idref="fl-7"/>
      </object_component>
      <object_component id="oc-59">
         <name>.text:_c_int00_noargs:_c_int00_noargs</name>
         <load_address>0x30f0</load_address>
         <run_address>0x30f0</run_address>
         <size>0x34</size>
         <input_file_ref idref="fl-e8"/>
      </object_component>
      <object_component id="oc-9b">
         <name>.text</name>
         <load_address>0x3124</load_address>
         <run_address>0x3124</run_address>
         <size>0x28</size>
         <input_file_ref idref="fl-25"/>
      </object_component>
      <object_component id="oc-14e">
         <name>.text</name>
         <load_address>0x314c</load_address>
         <run_address>0x314c</run_address>
         <size>0x20</size>
         <input_file_ref idref="fl-e4"/>
      </object_component>
      <object_component id="oc-47">
         <name>.text:decompress:ZI:__TI_zero_init_nomemset:__TI_zero_init_nomemset</name>
         <load_address>0x316c</load_address>
         <run_address>0x316c</run_address>
         <size>0x1c</size>
         <input_file_ref idref="fl-e5"/>
      </object_component>
      <object_component id="oc-27">
         <name>.text</name>
         <load_address>0x3188</load_address>
         <run_address>0x3188</run_address>
         <size>0xc</size>
         <input_file_ref idref="fl-2"/>
      </object_component>
      <object_component id="oc-12e">
         <name>.text:SysCtlDelay</name>
         <load_address>0x3194</load_address>
         <run_address>0x3194</run_address>
         <size>0x6</size>
         <input_file_ref idref="fl-1c"/>
      </object_component>
      <object_component id="oc-95">
         <name>.text:_system_pre_init</name>
         <load_address>0x319a</load_address>
         <run_address>0x319a</run_address>
         <size>0x4</size>
         <input_file_ref idref="fl-ec"/>
      </object_component>
      <object_component id="oc-d8">
         <name>.text:abort:abort</name>
         <load_address>0x319e</load_address>
         <run_address>0x319e</run_address>
         <size>0x4</size>
         <input_file_ref idref="fl-ee"/>
      </object_component>
      <object_component id="oc-12b">
         <name>.const:g_pppui32XTALtoVCO</name>
         <load_address>0x31a4</load_address>
         <run_address>0x31a4</run_address>
         <size>0x1b0</size>
         <input_file_ref idref="fl-1c"/>
      </object_component>
      <object_component id="oc-1bd">
         <name>.const:g_ppui32GPIOIntMapSnowflake</name>
         <load_address>0x3354</load_address>
         <run_address>0x3354</run_address>
         <size>0xd8</size>
         <input_file_ref idref="fl-10"/>
      </object_component>
      <object_component id="oc-1ba">
         <name>.const:g_ppui32GPIOIntMapBlizzard</name>
         <load_address>0x342c</load_address>
         <run_address>0x342c</run_address>
         <size>0xc0</size>
         <input_file_ref idref="fl-10"/>
      </object_component>
      <object_component id="oc-19c">
         <name>.const:g_pui32Regs</name>
         <load_address>0x34ec</load_address>
         <run_address>0x34ec</run_address>
         <size>0x9c</size>
         <input_file_ref idref="fl-13"/>
      </object_component>
      <object_component id="oc-1c0">
         <name>.const:g_pui32GPIOBaseAddrs</name>
         <load_address>0x3588</load_address>
         <run_address>0x3588</run_address>
         <size>0x90</size>
         <input_file_ref idref="fl-10"/>
      </object_component>
      <object_component id="oc-125">
         <name>.const:g_pui32Xtals</name>
         <load_address>0x3618</load_address>
         <run_address>0x3618</run_address>
         <size>0x6c</size>
         <input_file_ref idref="fl-1c"/>
      </object_component>
      <object_component id="oc-1c8">
         <name>.const:g_ppui32I2CIntMapSnowflake</name>
         <load_address>0x3684</load_address>
         <run_address>0x3684</run_address>
         <size>0x50</size>
         <input_file_ref idref="fl-12"/>
      </object_component>
      <object_component id="oc-1c5">
         <name>.const:g_ppui32I2CIntMap</name>
         <load_address>0x36d4</load_address>
         <run_address>0x36d4</run_address>
         <size>0x30</size>
         <input_file_ref idref="fl-12"/>
      </object_component>
      <object_component id="oc-116">
         <name>.const:g_sXTALtoMEMTIM</name>
         <load_address>0x3704</load_address>
         <run_address>0x3704</run_address>
         <size>0x30</size>
         <input_file_ref idref="fl-1c"/>
      </object_component>
      <object_component id="oc-199">
         <name>.const:g_pui32Priority</name>
         <load_address>0x3734</load_address>
         <run_address>0x3734</run_address>
         <size>0x20</size>
         <input_file_ref idref="fl-13"/>
      </object_component>
      <object_component id="oc-1a2">
         <name>.const:g_pui32Dii16Regs</name>
         <load_address>0x3754</load_address>
         <run_address>0x3754</run_address>
         <size>0x14</size>
         <input_file_ref idref="fl-13"/>
      </object_component>
      <object_component id="oc-19f">
         <name>.const:g_pui32EnRegs</name>
         <load_address>0x3768</load_address>
         <run_address>0x3768</run_address>
         <size>0x14</size>
         <input_file_ref idref="fl-13"/>
      </object_component>
      <object_component id="oc-1a5">
         <name>.const:g_pui32PendRegs</name>
         <load_address>0x377c</load_address>
         <run_address>0x377c</run_address>
         <size>0x14</size>
         <input_file_ref idref="fl-13"/>
      </object_component>
      <object_component id="oc-1a8">
         <name>.const:g_pui32UnpendRegs</name>
         <load_address>0x3790</load_address>
         <run_address>0x3790</run_address>
         <size>0x14</size>
         <input_file_ref idref="fl-13"/>
      </object_component>
      <object_component id="oc-128">
         <name>.const:g_pui32VCOFrequencies</name>
         <load_address>0x37a4</load_address>
         <run_address>0x37a4</run_address>
         <size>0x8</size>
         <input_file_ref idref="fl-1c"/>
      </object_component>
      <object_component id="oc-24f">
         <name>.cinit..bss.load</name>
         <load_address>0x37b0</load_address>
         <run_address>0x37b0</run_address>
         <size>0x8</size>
      </object_component>
      <object_component id="oc-24e">
         <name>.cinit..vtable.load</name>
         <load_address>0x37b8</load_address>
         <run_address>0x37b8</run_address>
         <size>0x8</size>
      </object_component>
      <object_component id="oc-24c">
         <name>__TI_handler_table</name>
         <load_address>0x37c0</load_address>
         <run_address>0x37c0</run_address>
         <size>0x4</size>
      </object_component>
      <object_component id="oc-24d">
         <name>__TI_cinit_table</name>
         <load_address>0x37c4</load_address>
         <run_address>0x37c4</run_address>
         <size>0x10</size>
      </object_component>
      <object_component id="oc-196">
         <name>.vtable</name>
         <uninitialized>true</uninitialized>
         <run_address>0x20000000</run_address>
         <size>0x26c</size>
         <input_file_ref idref="fl-13"/>
      </object_component>
      <object_component id="oc-d4">
         <name>.common:HR_Sys_Clock_Freq</name>
         <uninitialized>true</uninitialized>
         <run_address>0x20000470</run_address>
         <size>0x4</size>
      </object_component>
      <object_component id="oc-165">
         <name>.common:cpt</name>
         <uninitialized>true</uninitialized>
         <run_address>0x20000474</run_address>
         <size>0x4</size>
      </object_component>
      <object_component id="oc-166">
         <name>.common:value</name>
         <uninitialized>true</uninitialized>
         <run_address>0x2000047c</run_address>
         <size>0x1</size>
      </object_component>
      <object_component id="oc-162">
         <name>.common:rxByte</name>
         <uninitialized>true</uninitialized>
         <run_address>0x20000478</run_address>
         <size>0x4</size>
      </object_component>
      <object_component id="oc-24">
         <name>.stack</name>
         <uninitialized>true</uninitialized>
         <run_address>0x20000270</run_address>
         <size>0x4</size>
         <input_file_ref idref="fl-e8"/>
      </object_component>
      <object_component id="oc-251">
         <name>.stack</name>
         <uninitialized>true</uninitialized>
         <run_address>0x20000270</run_address>
         <size>0x0</size>
      </object_component>
      <object_component id="oc-2f">
         <name>.debug_info</name>
         <load_address>0x0</load_address>
         <run_address>0x0</run_address>
         <size>0x2c8</size>
         <input_file_ref idref="fl-2"/>
      </object_component>
      <object_component id="oc-13">
         <name>.debug_info</name>
         <load_address>0x2c8</load_address>
         <run_address>0x2c8</run_address>
         <size>0x107</size>
         <input_file_ref idref="fl-2"/>
      </object_component>
      <object_component id="oc-28">
         <name>.debug_info</name>
         <load_address>0x3cf</load_address>
         <run_address>0x3cf</run_address>
         <size>0x286</size>
         <input_file_ref idref="fl-2"/>
      </object_component>
      <object_component id="oc-70">
         <name>.debug_info</name>
         <load_address>0x655</load_address>
         <run_address>0x655</run_address>
         <size>0x26b</size>
         <input_file_ref idref="fl-2"/>
      </object_component>
      <object_component id="oc-36">
         <name>.debug_info</name>
         <load_address>0x8c0</load_address>
         <run_address>0x8c0</run_address>
         <size>0x84</size>
         <input_file_ref idref="fl-2"/>
      </object_component>
      <object_component id="oc-ad">
         <name>.debug_info</name>
         <load_address>0x944</load_address>
         <run_address>0x944</run_address>
         <size>0x2a4</size>
         <input_file_ref idref="fl-2"/>
      </object_component>
      <object_component id="oc-130">
         <name>.debug_info</name>
         <load_address>0xbe8</load_address>
         <run_address>0xbe8</run_address>
         <size>0xef</size>
         <input_file_ref idref="fl-2"/>
      </object_component>
      <object_component id="oc-75">
         <name>.debug_info</name>
         <load_address>0xcd7</load_address>
         <run_address>0xcd7</run_address>
         <size>0xbb</size>
         <input_file_ref idref="fl-2"/>
      </object_component>
      <object_component id="oc-135">
         <name>.debug_info</name>
         <load_address>0xd92</load_address>
         <run_address>0xd92</run_address>
         <size>0x8b</size>
         <input_file_ref idref="fl-3"/>
      </object_component>
      <object_component id="oc-120">
         <name>.debug_info</name>
         <load_address>0xe1d</load_address>
         <run_address>0xe1d</run_address>
         <size>0x387</size>
         <input_file_ref idref="fl-7"/>
      </object_component>
      <object_component id="oc-1c4">
         <name>.debug_info</name>
         <load_address>0x11a4</load_address>
         <run_address>0x11a4</run_address>
         <size>0x37b</size>
         <input_file_ref idref="fl-10"/>
      </object_component>
      <object_component id="oc-1bb">
         <name>.debug_info</name>
         <load_address>0x151f</load_address>
         <run_address>0x151f</run_address>
         <size>0x11b</size>
         <input_file_ref idref="fl-10"/>
      </object_component>
      <object_component id="oc-1be">
         <name>.debug_info</name>
         <load_address>0x163a</load_address>
         <run_address>0x163a</run_address>
         <size>0x11d</size>
         <input_file_ref idref="fl-10"/>
      </object_component>
      <object_component id="oc-1c1">
         <name>.debug_info</name>
         <load_address>0x1757</load_address>
         <run_address>0x1757</run_address>
         <size>0x10f</size>
         <input_file_ref idref="fl-10"/>
      </object_component>
      <object_component id="oc-13c">
         <name>.debug_info</name>
         <load_address>0x1866</load_address>
         <run_address>0x1866</run_address>
         <size>0x3394</size>
         <input_file_ref idref="fl-10"/>
      </object_component>
      <object_component id="oc-1cc">
         <name>.debug_info</name>
         <load_address>0x4bfa</load_address>
         <run_address>0x4bfa</run_address>
         <size>0x36c</size>
         <input_file_ref idref="fl-12"/>
      </object_component>
      <object_component id="oc-1c6">
         <name>.debug_info</name>
         <load_address>0x4f66</load_address>
         <run_address>0x4f66</run_address>
         <size>0x108</size>
         <input_file_ref idref="fl-12"/>
      </object_component>
      <object_component id="oc-1c9">
         <name>.debug_info</name>
         <load_address>0x506e</load_address>
         <run_address>0x506e</run_address>
         <size>0x11a</size>
         <input_file_ref idref="fl-12"/>
      </object_component>
      <object_component id="oc-145">
         <name>.debug_info</name>
         <load_address>0x5188</load_address>
         <run_address>0x5188</run_address>
         <size>0x2d2c</size>
         <input_file_ref idref="fl-12"/>
      </object_component>
      <object_component id="oc-1ac">
         <name>.debug_info</name>
         <load_address>0x7eb4</load_address>
         <run_address>0x7eb4</run_address>
         <size>0x358</size>
         <input_file_ref idref="fl-13"/>
      </object_component>
      <object_component id="oc-19a">
         <name>.debug_info</name>
         <load_address>0x820c</load_address>
         <run_address>0x820c</run_address>
         <size>0x10a</size>
         <input_file_ref idref="fl-13"/>
      </object_component>
      <object_component id="oc-19d">
         <name>.debug_info</name>
         <load_address>0x8316</load_address>
         <run_address>0x8316</run_address>
         <size>0x102</size>
         <input_file_ref idref="fl-13"/>
      </object_component>
      <object_component id="oc-1a0">
         <name>.debug_info</name>
         <load_address>0x8418</load_address>
         <run_address>0x8418</run_address>
         <size>0x106</size>
         <input_file_ref idref="fl-13"/>
      </object_component>
      <object_component id="oc-1a3">
         <name>.debug_info</name>
         <load_address>0x851e</load_address>
         <run_address>0x851e</run_address>
         <size>0x10c</size>
         <input_file_ref idref="fl-13"/>
      </object_component>
      <object_component id="oc-1a6">
         <name>.debug_info</name>
         <load_address>0x862a</load_address>
         <run_address>0x862a</run_address>
         <size>0x10a</size>
         <input_file_ref idref="fl-13"/>
      </object_component>
      <object_component id="oc-1a9">
         <name>.debug_info</name>
         <load_address>0x8734</load_address>
         <run_address>0x8734</run_address>
         <size>0x10e</size>
         <input_file_ref idref="fl-13"/>
      </object_component>
      <object_component id="oc-197">
         <name>.debug_info</name>
         <load_address>0x8842</load_address>
         <run_address>0x8842</run_address>
         <size>0x10b</size>
         <input_file_ref idref="fl-13"/>
      </object_component>
      <object_component id="oc-11a">
         <name>.debug_info</name>
         <load_address>0x894d</load_address>
         <run_address>0x894d</run_address>
         <size>0xd93</size>
         <input_file_ref idref="fl-13"/>
      </object_component>
      <object_component id="oc-13a">
         <name>.debug_info</name>
         <load_address>0x96e0</load_address>
         <run_address>0x96e0</run_address>
         <size>0x3dd</size>
         <input_file_ref idref="fl-1c"/>
      </object_component>
      <object_component id="oc-126">
         <name>.debug_info</name>
         <load_address>0x9abd</load_address>
         <run_address>0x9abd</run_address>
         <size>0x101</size>
         <input_file_ref idref="fl-1c"/>
      </object_component>
      <object_component id="oc-12c">
         <name>.debug_info</name>
         <load_address>0x9bbe</load_address>
         <run_address>0x9bbe</run_address>
         <size>0x10d</size>
         <input_file_ref idref="fl-1c"/>
      </object_component>
      <object_component id="oc-117">
         <name>.debug_info</name>
         <load_address>0x9ccb</load_address>
         <run_address>0x9ccb</run_address>
         <size>0x107</size>
         <input_file_ref idref="fl-1c"/>
      </object_component>
      <object_component id="oc-129">
         <name>.debug_info</name>
         <load_address>0x9dd2</load_address>
         <run_address>0x9dd2</run_address>
         <size>0x114</size>
         <input_file_ref idref="fl-1c"/>
      </object_component>
      <object_component id="oc-c3">
         <name>.debug_info</name>
         <load_address>0x9ee6</load_address>
         <run_address>0x9ee6</run_address>
         <size>0x2d19</size>
         <input_file_ref idref="fl-1c"/>
      </object_component>
      <object_component id="oc-1b6">
         <name>.debug_info</name>
         <load_address>0xcbff</load_address>
         <run_address>0xcbff</run_address>
         <size>0x51</size>
         <input_file_ref idref="fl-1c"/>
      </object_component>
      <object_component id="oc-14d">
         <name>.debug_info</name>
         <load_address>0xcc50</load_address>
         <run_address>0xcc50</run_address>
         <size>0x5ad</size>
         <input_file_ref idref="fl-24"/>
      </object_component>
      <object_component id="oc-cc">
         <name>.debug_info</name>
         <load_address>0xd1fd</load_address>
         <run_address>0xd1fd</run_address>
         <size>0x92c</size>
         <input_file_ref idref="fl-24"/>
      </object_component>
      <object_component id="oc-148">
         <name>.debug_info</name>
         <load_address>0xdb29</load_address>
         <run_address>0xdb29</run_address>
         <size>0x72</size>
         <input_file_ref idref="fl-24"/>
      </object_component>
      <object_component id="oc-168">
         <name>.debug_info</name>
         <load_address>0xdb9b</load_address>
         <run_address>0xdb9b</run_address>
         <size>0x1c4</size>
         <input_file_ref idref="fl-24"/>
      </object_component>
      <object_component id="oc-d5">
         <name>.debug_info</name>
         <load_address>0xdd5f</load_address>
         <run_address>0xdd5f</run_address>
         <size>0x3b7</size>
         <input_file_ref idref="fl-25"/>
      </object_component>
      <object_component id="oc-9c">
         <name>.debug_info</name>
         <load_address>0xe116</load_address>
         <run_address>0xe116</run_address>
         <size>0x167</size>
         <input_file_ref idref="fl-25"/>
      </object_component>
      <object_component id="oc-16f">
         <name>.debug_info</name>
         <load_address>0xe27d</load_address>
         <run_address>0xe27d</run_address>
         <size>0x35</size>
         <input_file_ref idref="fl-25"/>
      </object_component>
      <object_component id="oc-163">
         <name>.debug_info</name>
         <load_address>0xe2b2</load_address>
         <run_address>0xe2b2</run_address>
         <size>0x3ae</size>
         <input_file_ref idref="fl-26"/>
      </object_component>
      <object_component id="oc-cf">
         <name>.debug_info</name>
         <load_address>0xe660</load_address>
         <run_address>0xe660</run_address>
         <size>0x3ce</size>
         <input_file_ref idref="fl-26"/>
      </object_component>
      <object_component id="oc-15a">
         <name>.debug_info</name>
         <load_address>0xea2e</load_address>
         <run_address>0xea2e</run_address>
         <size>0x13a</size>
         <input_file_ref idref="fl-e1"/>
      </object_component>
      <object_component id="oc-155">
         <name>.debug_info</name>
         <load_address>0xeb68</load_address>
         <run_address>0xeb68</run_address>
         <size>0x13a</size>
         <input_file_ref idref="fl-e2"/>
      </object_component>
      <object_component id="oc-15e">
         <name>.debug_info</name>
         <load_address>0xeca2</load_address>
         <run_address>0xeca2</run_address>
         <size>0x139</size>
         <input_file_ref idref="fl-e3"/>
      </object_component>
      <object_component id="oc-150">
         <name>.debug_info</name>
         <load_address>0xeddb</load_address>
         <run_address>0xeddb</run_address>
         <size>0x12e</size>
         <input_file_ref idref="fl-e4"/>
      </object_component>
      <object_component id="oc-8e">
         <name>.debug_info</name>
         <load_address>0xef09</load_address>
         <run_address>0xef09</run_address>
         <size>0x2d4</size>
         <input_file_ref idref="fl-e5"/>
      </object_component>
      <object_component id="oc-48">
         <name>.debug_info</name>
         <load_address>0xf1dd</load_address>
         <run_address>0xf1dd</run_address>
         <size>0x1d2</size>
         <input_file_ref idref="fl-e5"/>
      </object_component>
      <object_component id="oc-89">
         <name>.debug_info</name>
         <load_address>0xf3af</load_address>
         <run_address>0xf3af</run_address>
         <size>0x46</size>
         <input_file_ref idref="fl-e5"/>
      </object_component>
      <object_component id="oc-b9">
         <name>.debug_info</name>
         <load_address>0xf3f5</load_address>
         <run_address>0xf3f5</run_address>
         <size>0x2c</size>
         <input_file_ref idref="fl-e5"/>
      </object_component>
      <object_component id="oc-25">
         <name>.debug_info</name>
         <load_address>0xf421</load_address>
         <run_address>0xf421</run_address>
         <size>0x10b</size>
         <input_file_ref idref="fl-e8"/>
      </object_component>
      <object_component id="oc-5b">
         <name>.debug_info</name>
         <load_address>0xf52c</load_address>
         <run_address>0xf52c</run_address>
         <size>0x1a9</size>
         <input_file_ref idref="fl-e8"/>
      </object_component>
      <object_component id="oc-17f">
         <name>.debug_info</name>
         <load_address>0xf6d5</load_address>
         <run_address>0xf6d5</run_address>
         <size>0x4b3</size>
         <input_file_ref idref="fl-eb"/>
      </object_component>
      <object_component id="oc-e5">
         <name>.debug_info</name>
         <load_address>0xfb88</load_address>
         <run_address>0xfb88</run_address>
         <size>0x1a6</size>
         <input_file_ref idref="fl-eb"/>
      </object_component>
      <object_component id="oc-1e5">
         <name>.debug_info</name>
         <load_address>0xfd2e</load_address>
         <run_address>0xfd2e</run_address>
         <size>0x39</size>
         <input_file_ref idref="fl-eb"/>
      </object_component>
      <object_component id="oc-217">
         <name>.debug_info</name>
         <load_address>0xfd67</load_address>
         <run_address>0xfd67</run_address>
         <size>0x39</size>
         <input_file_ref idref="fl-eb"/>
      </object_component>
      <object_component id="oc-1ea">
         <name>.debug_info</name>
         <load_address>0xfda0</load_address>
         <run_address>0xfda0</run_address>
         <size>0x39</size>
         <input_file_ref idref="fl-eb"/>
      </object_component>
      <object_component id="oc-1ef">
         <name>.debug_info</name>
         <load_address>0xfdd9</load_address>
         <run_address>0xfdd9</run_address>
         <size>0xcd</size>
         <input_file_ref idref="fl-eb"/>
      </object_component>
      <object_component id="oc-96">
         <name>.debug_info</name>
         <load_address>0xfea6</load_address>
         <run_address>0xfea6</run_address>
         <size>0x153</size>
         <input_file_ref idref="fl-ec"/>
      </object_component>
      <object_component id="oc-d9">
         <name>.debug_info</name>
         <load_address>0xfff9</load_address>
         <run_address>0xfff9</run_address>
         <size>0x122</size>
         <input_file_ref idref="fl-ee"/>
      </object_component>
      <object_component id="oc-252">
         <name>.debug_info</name>
         <load_address>0x1011b</load_address>
         <run_address>0x1011b</run_address>
         <size>0xb9</size>
      </object_component>
      <object_component id="oc-6f">
         <name>.debug_line</name>
         <load_address>0x0</load_address>
         <run_address>0x0</run_address>
         <size>0x42</size>
         <input_file_ref idref="fl-2"/>
      </object_component>
      <object_component id="oc-2e">
         <name>.debug_line</name>
         <load_address>0x42</load_address>
         <run_address>0x42</run_address>
         <size>0x42</size>
         <input_file_ref idref="fl-2"/>
      </object_component>
      <object_component id="oc-2c">
         <name>.debug_line</name>
         <load_address>0x84</load_address>
         <run_address>0x84</run_address>
         <size>0xa2</size>
         <input_file_ref idref="fl-2"/>
      </object_component>
      <object_component id="oc-73">
         <name>.debug_line</name>
         <load_address>0x126</load_address>
         <run_address>0x126</run_address>
         <size>0x6f</size>
         <input_file_ref idref="fl-2"/>
      </object_component>
      <object_component id="oc-39">
         <name>.debug_line</name>
         <load_address>0x195</load_address>
         <run_address>0x195</run_address>
         <size>0x20</size>
         <input_file_ref idref="fl-2"/>
      </object_component>
      <object_component id="oc-b0">
         <name>.debug_line</name>
         <load_address>0x1b5</load_address>
         <run_address>0x1b5</run_address>
         <size>0x73</size>
         <input_file_ref idref="fl-2"/>
      </object_component>
      <object_component id="oc-133">
         <name>.debug_line</name>
         <load_address>0x228</load_address>
         <run_address>0x228</run_address>
         <size>0x6f</size>
         <input_file_ref idref="fl-2"/>
      </object_component>
      <object_component id="oc-78">
         <name>.debug_line</name>
         <load_address>0x297</load_address>
         <run_address>0x297</run_address>
         <size>0x70</size>
         <input_file_ref idref="fl-2"/>
      </object_component>
      <object_component id="oc-138">
         <name>.debug_line</name>
         <load_address>0x307</load_address>
         <run_address>0x307</run_address>
         <size>0x20</size>
         <input_file_ref idref="fl-3"/>
      </object_component>
      <object_component id="oc-124">
         <name>.debug_line</name>
         <load_address>0x327</load_address>
         <run_address>0x327</run_address>
         <size>0xdd</size>
         <input_file_ref idref="fl-7"/>
      </object_component>
      <object_component id="oc-20d">
         <name>.debug_line</name>
         <load_address>0x404</load_address>
         <run_address>0x404</run_address>
         <size>0x82</size>
         <input_file_ref idref="fl-10"/>
      </object_component>
      <object_component id="oc-207">
         <name>.debug_line</name>
         <load_address>0x486</load_address>
         <run_address>0x486</run_address>
         <size>0x3b</size>
         <input_file_ref idref="fl-10"/>
      </object_component>
      <object_component id="oc-209">
         <name>.debug_line</name>
         <load_address>0x4c1</load_address>
         <run_address>0x4c1</run_address>
         <size>0x3b</size>
         <input_file_ref idref="fl-10"/>
      </object_component>
      <object_component id="oc-20b">
         <name>.debug_line</name>
         <load_address>0x4fc</load_address>
         <run_address>0x4fc</run_address>
         <size>0x3b</size>
         <input_file_ref idref="fl-10"/>
      </object_component>
      <object_component id="oc-140">
         <name>.debug_line</name>
         <load_address>0x537</load_address>
         <run_address>0x537</run_address>
         <size>0x65c</size>
         <input_file_ref idref="fl-10"/>
      </object_component>
      <object_component id="oc-213">
         <name>.debug_line</name>
         <load_address>0xb93</load_address>
         <run_address>0xb93</run_address>
         <size>0x82</size>
         <input_file_ref idref="fl-12"/>
      </object_component>
      <object_component id="oc-20f">
         <name>.debug_line</name>
         <load_address>0xc15</load_address>
         <run_address>0xc15</run_address>
         <size>0x3a</size>
         <input_file_ref idref="fl-12"/>
      </object_component>
      <object_component id="oc-211">
         <name>.debug_line</name>
         <load_address>0xc4f</load_address>
         <run_address>0xc4f</run_address>
         <size>0x3a</size>
         <input_file_ref idref="fl-12"/>
      </object_component>
      <object_component id="oc-143">
         <name>.debug_line</name>
         <load_address>0xc89</load_address>
         <run_address>0xc89</run_address>
         <size>0x692</size>
         <input_file_ref idref="fl-12"/>
      </object_component>
      <object_component id="oc-205">
         <name>.debug_line</name>
         <load_address>0x131b</load_address>
         <run_address>0x131b</run_address>
         <size>0x7c</size>
         <input_file_ref idref="fl-13"/>
      </object_component>
      <object_component id="oc-1f9">
         <name>.debug_line</name>
         <load_address>0x1397</load_address>
         <run_address>0x1397</run_address>
         <size>0x40</size>
         <input_file_ref idref="fl-13"/>
      </object_component>
      <object_component id="oc-1fb">
         <name>.debug_line</name>
         <load_address>0x13d7</load_address>
         <run_address>0x13d7</run_address>
         <size>0x40</size>
         <input_file_ref idref="fl-13"/>
      </object_component>
      <object_component id="oc-1fd">
         <name>.debug_line</name>
         <load_address>0x1417</load_address>
         <run_address>0x1417</run_address>
         <size>0x40</size>
         <input_file_ref idref="fl-13"/>
      </object_component>
      <object_component id="oc-1ff">
         <name>.debug_line</name>
         <load_address>0x1457</load_address>
         <run_address>0x1457</run_address>
         <size>0x40</size>
         <input_file_ref idref="fl-13"/>
      </object_component>
      <object_component id="oc-201">
         <name>.debug_line</name>
         <load_address>0x1497</load_address>
         <run_address>0x1497</run_address>
         <size>0x40</size>
         <input_file_ref idref="fl-13"/>
      </object_component>
      <object_component id="oc-203">
         <name>.debug_line</name>
         <load_address>0x14d7</load_address>
         <run_address>0x14d7</run_address>
         <size>0x40</size>
         <input_file_ref idref="fl-13"/>
      </object_component>
      <object_component id="oc-1f7">
         <name>.debug_line</name>
         <load_address>0x1517</load_address>
         <run_address>0x1517</run_address>
         <size>0x40</size>
         <input_file_ref idref="fl-13"/>
      </object_component>
      <object_component id="oc-11d">
         <name>.debug_line</name>
         <load_address>0x1557</load_address>
         <run_address>0x1557</run_address>
         <size>0x2be</size>
         <input_file_ref idref="fl-13"/>
      </object_component>
      <object_component id="oc-1b5">
         <name>.debug_line</name>
         <load_address>0x1815</load_address>
         <run_address>0x1815</run_address>
         <size>0x13d</size>
         <input_file_ref idref="fl-1c"/>
      </object_component>
      <object_component id="oc-1af">
         <name>.debug_line</name>
         <load_address>0x1952</load_address>
         <run_address>0x1952</run_address>
         <size>0x3d</size>
         <input_file_ref idref="fl-1c"/>
      </object_component>
      <object_component id="oc-1b3">
         <name>.debug_line</name>
         <load_address>0x198f</load_address>
         <run_address>0x198f</run_address>
         <size>0x3d</size>
         <input_file_ref idref="fl-1c"/>
      </object_component>
      <object_component id="oc-195">
         <name>.debug_line</name>
         <load_address>0x19cc</load_address>
         <run_address>0x19cc</run_address>
         <size>0x3d</size>
         <input_file_ref idref="fl-1c"/>
      </object_component>
      <object_component id="oc-1b1">
         <name>.debug_line</name>
         <load_address>0x1a09</load_address>
         <run_address>0x1a09</run_address>
         <size>0x3d</size>
         <input_file_ref idref="fl-1c"/>
      </object_component>
      <object_component id="oc-c6">
         <name>.debug_line</name>
         <load_address>0x1a46</load_address>
         <run_address>0x1a46</run_address>
         <size>0x97b</size>
         <input_file_ref idref="fl-1c"/>
      </object_component>
      <object_component id="oc-1b8">
         <name>.debug_line</name>
         <load_address>0x23c1</load_address>
         <run_address>0x23c1</run_address>
         <size>0x3d</size>
         <input_file_ref idref="fl-1c"/>
      </object_component>
      <object_component id="oc-1ce">
         <name>.debug_line</name>
         <load_address>0x23fe</load_address>
         <run_address>0x23fe</run_address>
         <size>0x153</size>
         <input_file_ref idref="fl-24"/>
      </object_component>
      <object_component id="oc-c9">
         <name>.debug_line</name>
         <load_address>0x2551</load_address>
         <run_address>0x2551</run_address>
         <size>0x19e</size>
         <input_file_ref idref="fl-24"/>
      </object_component>
      <object_component id="oc-14b">
         <name>.debug_line</name>
         <load_address>0x26ef</load_address>
         <run_address>0x26ef</run_address>
         <size>0x36</size>
         <input_file_ref idref="fl-24"/>
      </object_component>
      <object_component id="oc-16b">
         <name>.debug_line</name>
         <load_address>0x2725</load_address>
         <run_address>0x2725</run_address>
         <size>0x3b</size>
         <input_file_ref idref="fl-24"/>
      </object_component>
      <object_component id="oc-16e">
         <name>.debug_line</name>
         <load_address>0x2760</load_address>
         <run_address>0x2760</run_address>
         <size>0xc6</size>
         <input_file_ref idref="fl-25"/>
      </object_component>
      <object_component id="oc-9f">
         <name>.debug_line</name>
         <load_address>0x2826</load_address>
         <run_address>0x2826</run_address>
         <size>0x4c</size>
         <input_file_ref idref="fl-25"/>
      </object_component>
      <object_component id="oc-172">
         <name>.debug_line</name>
         <load_address>0x2872</load_address>
         <run_address>0x2872</run_address>
         <size>0x74</size>
         <input_file_ref idref="fl-25"/>
      </object_component>
      <object_component id="oc-1d4">
         <name>.debug_line</name>
         <load_address>0x28e6</load_address>
         <run_address>0x28e6</run_address>
         <size>0xb1</size>
         <input_file_ref idref="fl-26"/>
      </object_component>
      <object_component id="oc-d2">
         <name>.debug_line</name>
         <load_address>0x2997</load_address>
         <run_address>0x2997</run_address>
         <size>0xfd</size>
         <input_file_ref idref="fl-26"/>
      </object_component>
      <object_component id="oc-15c">
         <name>.debug_line</name>
         <load_address>0x2a94</load_address>
         <run_address>0x2a94</run_address>
         <size>0xa8</size>
         <input_file_ref idref="fl-e1"/>
      </object_component>
      <object_component id="oc-154">
         <name>.debug_line</name>
         <load_address>0x2b3c</load_address>
         <run_address>0x2b3c</run_address>
         <size>0x8e</size>
         <input_file_ref idref="fl-e2"/>
      </object_component>
      <object_component id="oc-161">
         <name>.debug_line</name>
         <load_address>0x2bca</load_address>
         <run_address>0x2bca</run_address>
         <size>0x59</size>
         <input_file_ref idref="fl-e3"/>
      </object_component>
      <object_component id="oc-14f">
         <name>.debug_line</name>
         <load_address>0x2c23</load_address>
         <run_address>0x2c23</run_address>
         <size>0x4c</size>
         <input_file_ref idref="fl-e4"/>
      </object_component>
      <object_component id="oc-bf">
         <name>.debug_line</name>
         <load_address>0x2c6f</load_address>
         <run_address>0x2c6f</run_address>
         <size>0x92</size>
         <input_file_ref idref="fl-e5"/>
      </object_component>
      <object_component id="oc-4b">
         <name>.debug_line</name>
         <load_address>0x2d01</load_address>
         <run_address>0x2d01</run_address>
         <size>0x56</size>
         <input_file_ref idref="fl-e5"/>
      </object_component>
      <object_component id="oc-8c">
         <name>.debug_line</name>
         <load_address>0x2d57</load_address>
         <run_address>0x2d57</run_address>
         <size>0x34</size>
         <input_file_ref idref="fl-e5"/>
      </object_component>
      <object_component id="oc-bc">
         <name>.debug_line</name>
         <load_address>0x2d8b</load_address>
         <run_address>0x2d8b</run_address>
         <size>0x92</size>
         <input_file_ref idref="fl-e5"/>
      </object_component>
      <object_component id="oc-6c">
         <name>.debug_line</name>
         <load_address>0x2e1d</load_address>
         <run_address>0x2e1d</run_address>
         <size>0x33</size>
         <input_file_ref idref="fl-e8"/>
      </object_component>
      <object_component id="oc-5a">
         <name>.debug_line</name>
         <load_address>0x2e50</load_address>
         <run_address>0x2e50</run_address>
         <size>0x45</size>
         <input_file_ref idref="fl-e8"/>
      </object_component>
      <object_component id="oc-1e4">
         <name>.debug_line</name>
         <load_address>0x2e95</load_address>
         <run_address>0x2e95</run_address>
         <size>0xbf</size>
         <input_file_ref idref="fl-eb"/>
      </object_component>
      <object_component id="oc-e8">
         <name>.debug_line</name>
         <load_address>0x2f54</load_address>
         <run_address>0x2f54</run_address>
         <size>0x6f</size>
         <input_file_ref idref="fl-eb"/>
      </object_component>
      <object_component id="oc-1e8">
         <name>.debug_line</name>
         <load_address>0x2fc3</load_address>
         <run_address>0x2fc3</run_address>
         <size>0x2e</size>
         <input_file_ref idref="fl-eb"/>
      </object_component>
      <object_component id="oc-21a">
         <name>.debug_line</name>
         <load_address>0x2ff1</load_address>
         <run_address>0x2ff1</run_address>
         <size>0x9a</size>
         <input_file_ref idref="fl-eb"/>
      </object_component>
      <object_component id="oc-1ed">
         <name>.debug_line</name>
         <load_address>0x308b</load_address>
         <run_address>0x308b</run_address>
         <size>0x97</size>
         <input_file_ref idref="fl-eb"/>
      </object_component>
      <object_component id="oc-1f2">
         <name>.debug_line</name>
         <load_address>0x3122</load_address>
         <run_address>0x3122</run_address>
         <size>0x93</size>
         <input_file_ref idref="fl-eb"/>
      </object_component>
      <object_component id="oc-9a">
         <name>.debug_line</name>
         <load_address>0x31b5</load_address>
         <run_address>0x31b5</run_address>
         <size>0x40</size>
         <input_file_ref idref="fl-ec"/>
      </object_component>
      <object_component id="oc-dd">
         <name>.debug_line</name>
         <load_address>0x31f5</load_address>
         <run_address>0x31f5</run_address>
         <size>0x3c</size>
         <input_file_ref idref="fl-ee"/>
      </object_component>
      <object_component id="oc-2b">
         <name>.debug_frame</name>
         <load_address>0x0</load_address>
         <run_address>0x0</run_address>
         <size>0x90</size>
         <input_file_ref idref="fl-2"/>
      </object_component>
      <object_component id="oc-123">
         <name>.debug_frame</name>
         <load_address>0x90</load_address>
         <run_address>0x90</run_address>
         <size>0xbc</size>
         <input_file_ref idref="fl-7"/>
      </object_component>
      <object_component id="oc-13f">
         <name>.debug_frame</name>
         <load_address>0x14c</load_address>
         <run_address>0x14c</run_address>
         <size>0x57c</size>
         <input_file_ref idref="fl-10"/>
      </object_component>
      <object_component id="oc-142">
         <name>.debug_frame</name>
         <load_address>0x6c8</load_address>
         <run_address>0x6c8</run_address>
         <size>0x578</size>
         <input_file_ref idref="fl-12"/>
      </object_component>
      <object_component id="oc-11e">
         <name>.debug_frame</name>
         <load_address>0xc40</load_address>
         <run_address>0xc40</run_address>
         <size>0x1d4</size>
         <input_file_ref idref="fl-13"/>
      </object_component>
      <object_component id="oc-c7">
         <name>.debug_frame</name>
         <load_address>0xe14</load_address>
         <run_address>0xe14</run_address>
         <size>0x5a8</size>
         <input_file_ref idref="fl-1c"/>
      </object_component>
      <object_component id="oc-ca">
         <name>.debug_frame</name>
         <load_address>0x13bc</load_address>
         <run_address>0x13bc</run_address>
         <size>0xc0</size>
         <input_file_ref idref="fl-24"/>
      </object_component>
      <object_component id="oc-a0">
         <name>.debug_frame</name>
         <load_address>0x147c</load_address>
         <run_address>0x147c</run_address>
         <size>0x58</size>
         <input_file_ref idref="fl-25"/>
      </object_component>
      <object_component id="oc-d3">
         <name>.debug_frame</name>
         <load_address>0x14d4</load_address>
         <run_address>0x14d4</run_address>
         <size>0xa4</size>
         <input_file_ref idref="fl-26"/>
      </object_component>
      <object_component id="oc-4c">
         <name>.debug_frame</name>
         <load_address>0x1578</load_address>
         <run_address>0x1578</run_address>
         <size>0x54</size>
         <input_file_ref idref="fl-e5"/>
      </object_component>
      <object_component id="oc-5e">
         <name>.debug_frame</name>
         <load_address>0x15cc</load_address>
         <run_address>0x15cc</run_address>
         <size>0x50</size>
         <input_file_ref idref="fl-e8"/>
      </object_component>
      <object_component id="oc-e9">
         <name>.debug_frame</name>
         <load_address>0x161c</load_address>
         <run_address>0x161c</run_address>
         <size>0x5c</size>
         <input_file_ref idref="fl-eb"/>
      </object_component>
      <object_component id="oc-99">
         <name>.debug_frame</name>
         <load_address>0x1678</load_address>
         <run_address>0x1678</run_address>
         <size>0x54</size>
         <input_file_ref idref="fl-ec"/>
      </object_component>
      <object_component id="oc-dc">
         <name>.debug_frame</name>
         <load_address>0x16cc</load_address>
         <run_address>0x16cc</run_address>
         <size>0x54</size>
         <input_file_ref idref="fl-ee"/>
      </object_component>
      <object_component id="oc-6e">
         <name>.debug_abbrev</name>
         <load_address>0x0</load_address>
         <run_address>0x0</run_address>
         <size>0x68</size>
         <input_file_ref idref="fl-2"/>
      </object_component>
      <object_component id="oc-2d">
         <name>.debug_abbrev</name>
         <load_address>0x68</load_address>
         <run_address>0x68</run_address>
         <size>0x29</size>
         <input_file_ref idref="fl-2"/>
      </object_component>
      <object_component id="oc-6d">
         <name>.debug_abbrev</name>
         <load_address>0x91</load_address>
         <run_address>0x91</run_address>
         <size>0xcb</size>
         <input_file_ref idref="fl-2"/>
      </object_component>
      <object_component id="oc-72">
         <name>.debug_abbrev</name>
         <load_address>0x15c</load_address>
         <run_address>0x15c</run_address>
         <size>0x69</size>
         <input_file_ref idref="fl-2"/>
      </object_component>
      <object_component id="oc-38">
         <name>.debug_abbrev</name>
         <load_address>0x1c5</load_address>
         <run_address>0x1c5</run_address>
         <size>0x1f</size>
         <input_file_ref idref="fl-2"/>
      </object_component>
      <object_component id="oc-af">
         <name>.debug_abbrev</name>
         <load_address>0x1e4</load_address>
         <run_address>0x1e4</run_address>
         <size>0x5c</size>
         <input_file_ref idref="fl-2"/>
      </object_component>
      <object_component id="oc-132">
         <name>.debug_abbrev</name>
         <load_address>0x240</load_address>
         <run_address>0x240</run_address>
         <size>0x24</size>
         <input_file_ref idref="fl-2"/>
      </object_component>
      <object_component id="oc-77">
         <name>.debug_abbrev</name>
         <load_address>0x264</load_address>
         <run_address>0x264</run_address>
         <size>0x24</size>
         <input_file_ref idref="fl-2"/>
      </object_component>
      <object_component id="oc-137">
         <name>.debug_abbrev</name>
         <load_address>0x288</load_address>
         <run_address>0x288</run_address>
         <size>0x1f</size>
         <input_file_ref idref="fl-3"/>
      </object_component>
      <object_component id="oc-1ad">
         <name>.debug_abbrev</name>
         <load_address>0x2a7</load_address>
         <run_address>0x2a7</run_address>
         <size>0xca</size>
         <input_file_ref idref="fl-7"/>
      </object_component>
      <object_component id="oc-20c">
         <name>.debug_abbrev</name>
         <load_address>0x371</load_address>
         <run_address>0x371</run_address>
         <size>0x76</size>
         <input_file_ref idref="fl-10"/>
      </object_component>
      <object_component id="oc-206">
         <name>.debug_abbrev</name>
         <load_address>0x3e7</load_address>
         <run_address>0x3e7</run_address>
         <size>0x27</size>
         <input_file_ref idref="fl-10"/>
      </object_component>
      <object_component id="oc-208">
         <name>.debug_abbrev</name>
         <load_address>0x40e</load_address>
         <run_address>0x40e</run_address>
         <size>0x27</size>
         <input_file_ref idref="fl-10"/>
      </object_component>
      <object_component id="oc-20a">
         <name>.debug_abbrev</name>
         <load_address>0x435</load_address>
         <run_address>0x435</run_address>
         <size>0x27</size>
         <input_file_ref idref="fl-10"/>
      </object_component>
      <object_component id="oc-1c3">
         <name>.debug_abbrev</name>
         <load_address>0x45c</load_address>
         <run_address>0x45c</run_address>
         <size>0xd6</size>
         <input_file_ref idref="fl-10"/>
      </object_component>
      <object_component id="oc-212">
         <name>.debug_abbrev</name>
         <load_address>0x532</load_address>
         <run_address>0x532</run_address>
         <size>0x76</size>
         <input_file_ref idref="fl-12"/>
      </object_component>
      <object_component id="oc-20e">
         <name>.debug_abbrev</name>
         <load_address>0x5a8</load_address>
         <run_address>0x5a8</run_address>
         <size>0x27</size>
         <input_file_ref idref="fl-12"/>
      </object_component>
      <object_component id="oc-210">
         <name>.debug_abbrev</name>
         <load_address>0x5cf</load_address>
         <run_address>0x5cf</run_address>
         <size>0x27</size>
         <input_file_ref idref="fl-12"/>
      </object_component>
      <object_component id="oc-1cb">
         <name>.debug_abbrev</name>
         <load_address>0x5f6</load_address>
         <run_address>0x5f6</run_address>
         <size>0x103</size>
         <input_file_ref idref="fl-12"/>
      </object_component>
      <object_component id="oc-204">
         <name>.debug_abbrev</name>
         <load_address>0x6f9</load_address>
         <run_address>0x6f9</run_address>
         <size>0x92</size>
         <input_file_ref idref="fl-13"/>
      </object_component>
      <object_component id="oc-1f8">
         <name>.debug_abbrev</name>
         <load_address>0x78b</load_address>
         <run_address>0x78b</run_address>
         <size>0x27</size>
         <input_file_ref idref="fl-13"/>
      </object_component>
      <object_component id="oc-1fa">
         <name>.debug_abbrev</name>
         <load_address>0x7b2</load_address>
         <run_address>0x7b2</run_address>
         <size>0x27</size>
         <input_file_ref idref="fl-13"/>
      </object_component>
      <object_component id="oc-1fc">
         <name>.debug_abbrev</name>
         <load_address>0x7d9</load_address>
         <run_address>0x7d9</run_address>
         <size>0x27</size>
         <input_file_ref idref="fl-13"/>
      </object_component>
      <object_component id="oc-1fe">
         <name>.debug_abbrev</name>
         <load_address>0x800</load_address>
         <run_address>0x800</run_address>
         <size>0x27</size>
         <input_file_ref idref="fl-13"/>
      </object_component>
      <object_component id="oc-200">
         <name>.debug_abbrev</name>
         <load_address>0x827</load_address>
         <run_address>0x827</run_address>
         <size>0x27</size>
         <input_file_ref idref="fl-13"/>
      </object_component>
      <object_component id="oc-202">
         <name>.debug_abbrev</name>
         <load_address>0x84e</load_address>
         <run_address>0x84e</run_address>
         <size>0x27</size>
         <input_file_ref idref="fl-13"/>
      </object_component>
      <object_component id="oc-1f6">
         <name>.debug_abbrev</name>
         <load_address>0x875</load_address>
         <run_address>0x875</run_address>
         <size>0x29</size>
         <input_file_ref idref="fl-13"/>
      </object_component>
      <object_component id="oc-1ab">
         <name>.debug_abbrev</name>
         <load_address>0x89e</load_address>
         <run_address>0x89e</run_address>
         <size>0x101</size>
         <input_file_ref idref="fl-13"/>
      </object_component>
      <object_component id="oc-1b4">
         <name>.debug_abbrev</name>
         <load_address>0x99f</load_address>
         <run_address>0x99f</run_address>
         <size>0xb4</size>
         <input_file_ref idref="fl-1c"/>
      </object_component>
      <object_component id="oc-1ae">
         <name>.debug_abbrev</name>
         <load_address>0xa53</load_address>
         <run_address>0xa53</run_address>
         <size>0x27</size>
         <input_file_ref idref="fl-1c"/>
      </object_component>
      <object_component id="oc-1b2">
         <name>.debug_abbrev</name>
         <load_address>0xa7a</load_address>
         <run_address>0xa7a</run_address>
         <size>0x27</size>
         <input_file_ref idref="fl-1c"/>
      </object_component>
      <object_component id="oc-194">
         <name>.debug_abbrev</name>
         <load_address>0xaa1</load_address>
         <run_address>0xaa1</run_address>
         <size>0x27</size>
         <input_file_ref idref="fl-1c"/>
      </object_component>
      <object_component id="oc-1b0">
         <name>.debug_abbrev</name>
         <load_address>0xac8</load_address>
         <run_address>0xac8</run_address>
         <size>0x27</size>
         <input_file_ref idref="fl-1c"/>
      </object_component>
      <object_component id="oc-12f">
         <name>.debug_abbrev</name>
         <load_address>0xaef</load_address>
         <run_address>0xaef</run_address>
         <size>0x12e</size>
         <input_file_ref idref="fl-1c"/>
      </object_component>
      <object_component id="oc-1b7">
         <name>.debug_abbrev</name>
         <load_address>0xc1d</load_address>
         <run_address>0xc1d</run_address>
         <size>0x38</size>
         <input_file_ref idref="fl-1c"/>
      </object_component>
      <object_component id="oc-1cd">
         <name>.debug_abbrev</name>
         <load_address>0xc55</load_address>
         <run_address>0xc55</run_address>
         <size>0x9c</size>
         <input_file_ref idref="fl-24"/>
      </object_component>
      <object_component id="oc-147">
         <name>.debug_abbrev</name>
         <load_address>0xcf1</load_address>
         <run_address>0xcf1</run_address>
         <size>0xa9</size>
         <input_file_ref idref="fl-24"/>
      </object_component>
      <object_component id="oc-14a">
         <name>.debug_abbrev</name>
         <load_address>0xd9a</load_address>
         <run_address>0xd9a</run_address>
         <size>0x49</size>
         <input_file_ref idref="fl-24"/>
      </object_component>
      <object_component id="oc-16a">
         <name>.debug_abbrev</name>
         <load_address>0xde3</load_address>
         <run_address>0xde3</run_address>
         <size>0x70</size>
         <input_file_ref idref="fl-24"/>
      </object_component>
      <object_component id="oc-16d">
         <name>.debug_abbrev</name>
         <load_address>0xe53</load_address>
         <run_address>0xe53</run_address>
         <size>0x9a</size>
         <input_file_ref idref="fl-25"/>
      </object_component>
      <object_component id="oc-d7">
         <name>.debug_abbrev</name>
         <load_address>0xeed</load_address>
         <run_address>0xeed</run_address>
         <size>0x60</size>
         <input_file_ref idref="fl-25"/>
      </object_component>
      <object_component id="oc-171">
         <name>.debug_abbrev</name>
         <load_address>0xf4d</load_address>
         <run_address>0xf4d</run_address>
         <size>0x33</size>
         <input_file_ref idref="fl-25"/>
      </object_component>
      <object_component id="oc-1d3">
         <name>.debug_abbrev</name>
         <load_address>0xf80</load_address>
         <run_address>0xf80</run_address>
         <size>0xa3</size>
         <input_file_ref idref="fl-26"/>
      </object_component>
      <object_component id="oc-167">
         <name>.debug_abbrev</name>
         <load_address>0x1023</load_address>
         <run_address>0x1023</run_address>
         <size>0xa9</size>
         <input_file_ref idref="fl-26"/>
      </object_component>
      <object_component id="oc-1d1">
         <name>.debug_abbrev</name>
         <load_address>0x10cc</load_address>
         <run_address>0x10cc</run_address>
         <size>0x3c</size>
         <input_file_ref idref="fl-e1"/>
      </object_component>
      <object_component id="oc-1d0">
         <name>.debug_abbrev</name>
         <load_address>0x1108</load_address>
         <run_address>0x1108</run_address>
         <size>0x3c</size>
         <input_file_ref idref="fl-e2"/>
      </object_component>
      <object_component id="oc-1d2">
         <name>.debug_abbrev</name>
         <load_address>0x1144</load_address>
         <run_address>0x1144</run_address>
         <size>0x4a</size>
         <input_file_ref idref="fl-e3"/>
      </object_component>
      <object_component id="oc-1cf">
         <name>.debug_abbrev</name>
         <load_address>0x118e</load_address>
         <run_address>0x118e</run_address>
         <size>0x3e</size>
         <input_file_ref idref="fl-e4"/>
      </object_component>
      <object_component id="oc-be">
         <name>.debug_abbrev</name>
         <load_address>0x11cc</load_address>
         <run_address>0x11cc</run_address>
         <size>0x5d</size>
         <input_file_ref idref="fl-e5"/>
      </object_component>
      <object_component id="oc-88">
         <name>.debug_abbrev</name>
         <load_address>0x1229</load_address>
         <run_address>0x1229</run_address>
         <size>0x6f</size>
         <input_file_ref idref="fl-e5"/>
      </object_component>
      <object_component id="oc-8b">
         <name>.debug_abbrev</name>
         <load_address>0x1298</load_address>
         <run_address>0x1298</run_address>
         <size>0x24</size>
         <input_file_ref idref="fl-e5"/>
      </object_component>
      <object_component id="oc-bb">
         <name>.debug_abbrev</name>
         <load_address>0x12bc</load_address>
         <run_address>0x12bc</run_address>
         <size>0x24</size>
         <input_file_ref idref="fl-e5"/>
      </object_component>
      <object_component id="oc-6b">
         <name>.debug_abbrev</name>
         <load_address>0x12e0</load_address>
         <run_address>0x12e0</run_address>
         <size>0x29</size>
         <input_file_ref idref="fl-e8"/>
      </object_component>
      <object_component id="oc-a4">
         <name>.debug_abbrev</name>
         <load_address>0x1309</load_address>
         <run_address>0x1309</run_address>
         <size>0x55</size>
         <input_file_ref idref="fl-e8"/>
      </object_component>
      <object_component id="oc-1e3">
         <name>.debug_abbrev</name>
         <load_address>0x135e</load_address>
         <run_address>0x135e</run_address>
         <size>0xc0</size>
         <input_file_ref idref="fl-eb"/>
      </object_component>
      <object_component id="oc-17e">
         <name>.debug_abbrev</name>
         <load_address>0x141e</load_address>
         <run_address>0x141e</run_address>
         <size>0x7e</size>
         <input_file_ref idref="fl-eb"/>
      </object_component>
      <object_component id="oc-1e7">
         <name>.debug_abbrev</name>
         <load_address>0x149c</load_address>
         <run_address>0x149c</run_address>
         <size>0x24</size>
         <input_file_ref idref="fl-eb"/>
      </object_component>
      <object_component id="oc-219">
         <name>.debug_abbrev</name>
         <load_address>0x14c0</load_address>
         <run_address>0x14c0</run_address>
         <size>0x24</size>
         <input_file_ref idref="fl-eb"/>
      </object_component>
      <object_component id="oc-1ec">
         <name>.debug_abbrev</name>
         <load_address>0x14e4</load_address>
         <run_address>0x14e4</run_address>
         <size>0x24</size>
         <input_file_ref idref="fl-eb"/>
      </object_component>
      <object_component id="oc-1f1">
         <name>.debug_abbrev</name>
         <load_address>0x1508</load_address>
         <run_address>0x1508</run_address>
         <size>0x4b</size>
         <input_file_ref idref="fl-eb"/>
      </object_component>
      <object_component id="oc-c1">
         <name>.debug_abbrev</name>
         <load_address>0x1553</load_address>
         <run_address>0x1553</run_address>
         <size>0x55</size>
         <input_file_ref idref="fl-ec"/>
      </object_component>
      <object_component id="oc-174">
         <name>.debug_abbrev</name>
         <load_address>0x15a8</load_address>
         <run_address>0x15a8</run_address>
         <size>0x45</size>
         <input_file_ref idref="fl-ee"/>
      </object_component>
      <object_component id="oc-253">
         <name>.debug_abbrev</name>
         <load_address>0x15ed</load_address>
         <run_address>0x15ed</run_address>
         <size>0xf</size>
      </object_component>
      <object_component id="oc-74">
         <name>.debug_str</name>
         <load_address>0x0</load_address>
         <run_address>0x0</run_address>
         <size>0x2ca</size>
         <input_file_ref idref="fl-2"/>
      </object_component>
      <object_component id="oc-3a">
         <name>.debug_str</name>
         <load_address>0x2ca</load_address>
         <run_address>0x2ca</run_address>
         <size>0xfd</size>
         <input_file_ref idref="fl-2"/>
      </object_component>
      <object_component id="oc-b1">
         <name>.debug_str</name>
         <load_address>0x3c7</load_address>
         <run_address>0x3c7</run_address>
         <size>0x360</size>
         <input_file_ref idref="fl-2"/>
      </object_component>
      <object_component id="oc-134">
         <name>.debug_str</name>
         <load_address>0x727</load_address>
         <run_address>0x727</run_address>
         <size>0x1d5</size>
         <input_file_ref idref="fl-2"/>
      </object_component>
      <object_component id="oc-79">
         <name>.debug_str</name>
         <load_address>0x8fc</load_address>
         <run_address>0x8fc</run_address>
         <size>0x162</size>
         <input_file_ref idref="fl-2"/>
      </object_component>
      <object_component id="oc-139">
         <name>.debug_str</name>
         <load_address>0xa5e</load_address>
         <run_address>0xa5e</run_address>
         <size>0xfd</size>
         <input_file_ref idref="fl-3"/>
      </object_component>
      <object_component id="oc-1b9">
         <name>.debug_str</name>
         <load_address>0xb5b</load_address>
         <run_address>0xb5b</run_address>
         <size>0xe3</size>
         <input_file_ref idref="fl-1c"/>
      </object_component>
      <object_component id="oc-14c">
         <name>.debug_str</name>
         <load_address>0xc3e</load_address>
         <run_address>0xc3e</run_address>
         <size>0xe0</size>
         <input_file_ref idref="fl-24"/>
      </object_component>
      <object_component id="oc-16c">
         <name>.debug_str</name>
         <load_address>0xd1e</load_address>
         <run_address>0xd1e</run_address>
         <size>0x1e3</size>
         <input_file_ref idref="fl-24"/>
      </object_component>
      <object_component id="oc-173">
         <name>.debug_str</name>
         <load_address>0xf01</load_address>
         <run_address>0xf01</run_address>
         <size>0x110</size>
         <input_file_ref idref="fl-25"/>
      </object_component>
      <object_component id="oc-8d">
         <name>.debug_str</name>
         <load_address>0x1011</load_address>
         <run_address>0x1011</run_address>
         <size>0x105</size>
         <input_file_ref idref="fl-e5"/>
      </object_component>
      <object_component id="oc-bd">
         <name>.debug_str</name>
         <load_address>0x1116</load_address>
         <run_address>0x1116</run_address>
         <size>0x140</size>
         <input_file_ref idref="fl-e5"/>
      </object_component>
      <object_component id="oc-1e9">
         <name>.debug_str</name>
         <load_address>0x1256</load_address>
         <run_address>0x1256</run_address>
         <size>0xed</size>
         <input_file_ref idref="fl-eb"/>
      </object_component>
      <object_component id="oc-21b">
         <name>.debug_str</name>
         <load_address>0x1343</load_address>
         <run_address>0x1343</run_address>
         <size>0x157</size>
         <input_file_ref idref="fl-eb"/>
      </object_component>
      <object_component id="oc-1ee">
         <name>.debug_str</name>
         <load_address>0x149a</load_address>
         <run_address>0x149a</run_address>
         <size>0x150</size>
         <input_file_ref idref="fl-eb"/>
      </object_component>
      <object_component id="oc-1f3">
         <name>.debug_str</name>
         <load_address>0x15ea</load_address>
         <run_address>0x15ea</run_address>
         <size>0x197</size>
         <input_file_ref idref="fl-eb"/>
      </object_component>
      <object_component id="oc-29">
         <name>.debug_aranges</name>
         <load_address>0x0</load_address>
         <run_address>0x0</run_address>
         <size>0x38</size>
         <input_file_ref idref="fl-2"/>
      </object_component>
      <object_component id="oc-122">
         <name>.debug_aranges</name>
         <load_address>0x38</load_address>
         <run_address>0x38</run_address>
         <size>0x48</size>
         <input_file_ref idref="fl-7"/>
      </object_component>
      <object_component id="oc-13d">
         <name>.debug_aranges</name>
         <load_address>0x80</load_address>
         <run_address>0x80</run_address>
         <size>0x1a8</size>
         <input_file_ref idref="fl-10"/>
      </object_component>
      <object_component id="oc-144">
         <name>.debug_aranges</name>
         <load_address>0x228</load_address>
         <run_address>0x228</run_address>
         <size>0x1d0</size>
         <input_file_ref idref="fl-12"/>
      </object_component>
      <object_component id="oc-11b">
         <name>.debug_aranges</name>
         <load_address>0x3f8</load_address>
         <run_address>0x3f8</run_address>
         <size>0xa0</size>
         <input_file_ref idref="fl-13"/>
      </object_component>
      <object_component id="oc-c5">
         <name>.debug_aranges</name>
         <load_address>0x498</load_address>
         <run_address>0x498</run_address>
         <size>0x1e0</size>
         <input_file_ref idref="fl-1c"/>
      </object_component>
      <object_component id="oc-cb">
         <name>.debug_aranges</name>
         <load_address>0x678</load_address>
         <run_address>0x678</run_address>
         <size>0x38</size>
         <input_file_ref idref="fl-24"/>
      </object_component>
      <object_component id="oc-9e">
[...]
         <value>0x245d</value>
         <object_component_ref idref="oc-141"/>
      </symbol>
      <symbol id="sm-21e">
         <name>I2CMasterBurstCountGet</name>
         <value>0x23e9</value>
         <object_component_ref idref="oc-141"/>
      </symbol>
      <symbol id="sm-21f">
         <name>I2CMasterIntClearEx</name>
         <value>0x2111</value>
         <object_component_ref idref="oc-141"/>
      </symbol>
      <symbol id="sm-220">
         <name>I2CFIFODataPut</name>
         <value>0x2349</value>
         <object_component_ref idref="oc-141"/>
      </symbol>
      <symbol id="sm-221">
         <name>I2CMasterSlaveAddrSet</name>
         <value>0x2149</value>
         <object_component_ref idref="oc-141"/>
      </symbol>
      <symbol id="sm-222">
         <name>I2CMasterDataGet</name>
         <value>0x21fd</value>
         <object_component_ref idref="oc-141"/>
      </symbol>
      <symbol id="sm-223">
         <name>I2CSlaveIntStatus</name>
         <value>0x2089</value>
         <object_component_ref idref="oc-141"/>
      </symbol>
      <symbol id="sm-224">
         <name>I2CSlaveDataPut</name>
         <value>0x2291</value>
         <object_component_ref idref="oc-141"/>
      </symbol>
      <symbol id="sm-225">
         <name>I2CSlaveStatus</name>
         <value>0x2281</value>
         <object_component_ref idref="oc-141"/>
      </symbol>
      <symbol id="sm-226">
         <name>I2CMasterIntEnableEx</name>
         <value>0x1f75</value>
         <object_component_ref idref="oc-141"/>
      </symbol>
      <symbol id="sm-227">
         <name>I2CMasterErr</name>
         <value>0x21bb</value>
         <object_component_ref idref="oc-141"/>
      </symbol>
      <symbol id="sm-228">
         <name>I2CMasterTimeoutSet</name>
         <value>0x220b</value>
         <object_component_ref idref="oc-141"/>
      </symbol>
      <symbol id="sm-229">
         <name>I2CMasterControl</name>
         <value>0x21a9</value>
         <object_component_ref idref="oc-141"/>
      </symbol>
      <symbol id="sm-22a">
         <name>I2CSlaveACKValueSet</name>
         <value>0x224f</value>
         <object_component_ref idref="oc-141"/>
      </symbol>
      <symbol id="sm-22b">
         <name>I2CSlaveIntStatusEx</name>
         <value>0x20d1</value>
         <object_component_ref idref="oc-141"/>
      </symbol>
      <symbol id="sm-22c">
         <name>I2CMasterLineStateGet</name>
         <value>0x216b</value>
         <object_component_ref idref="oc-141"/>
      </symbol>
      <symbol id="sm-22d">
         <name>I2CMasterBusy</name>
         <value>0x2179</value>
         <object_component_ref idref="oc-141"/>
      </symbol>
      <symbol id="sm-22e">
         <name>I2CSlaveAddressSet</name>
         <value>0x1e87</value>
         <object_component_ref idref="oc-141"/>
      </symbol>
      <symbol id="sm-22f">
         <name>I2CFIFOStatus</name>
         <value>0x2339</value>
         <object_component_ref idref="oc-141"/>
      </symbol>
      <symbol id="sm-230">
         <name>I2CMasterEnable</name>
         <value>0x1ec5</value>
         <object_component_ref idref="oc-141"/>
      </symbol>
      <symbol id="sm-231">
         <name>I2CMasterIntStatusEx</name>
         <value>0x205d</value>
         <object_component_ref idref="oc-141"/>
      </symbol>
      <symbol id="sm-232">
         <name>I2CSlaveInit</name>
         <value>0x1e6d</value>
         <object_component_ref idref="oc-141"/>
      </symbol>
      <symbol id="sm-233">
         <name>I2CMasterIntClear</name>
         <value>0x20f3</value>
         <object_component_ref idref="oc-141"/>
      </symbol>
      <symbol id="sm-234">
         <name>I2CMasterDisable</name>
         <value>0x1ef9</value>
         <object_component_ref idref="oc-141"/>
      </symbol>
      <symbol id="sm-235">
         <name>I2CLoopbackEnable</name>
         <value>0x246f</value>
         <object_component_ref idref="oc-141"/>
      </symbol>
      <symbol id="sm-236">
         <name>I2CFIFODataGetNonBlocking</name>
         <value>0x23ad</value>
         <object_component_ref idref="oc-141"/>
      </symbol>
      <symbol id="sm-2b3">
         <name>IntPendClear</name>
         <value>0x2bd5</value>
         <object_component_ref idref="oc-119"/>
      </symbol>
      <symbol id="sm-2b4">
         <name>IntPriorityGroupingGet</name>
         <value>0x294f</value>
         <object_component_ref idref="oc-119"/>
      </symbol>
      <symbol id="sm-2b5">
         <name>IntPrioritySet</name>
         <value>0x2987</value>
         <object_component_ref idref="oc-119"/>
      </symbol>
      <symbol id="sm-2b6">
         <name>IntIsEnabled</name>
         <value>0x2adf</value>
         <object_component_ref idref="oc-119"/>
      </symbol>
      <symbol id="sm-2b7">
         <name>IntEnable</name>
         <value>0x29fb</value>
         <object_component_ref idref="oc-119"/>
      </symbol>
      <symbol id="sm-2b8">
         <name>IntTrigger</name>
         <value>0x2c37</value>
         <object_component_ref idref="oc-119"/>
      </symbol>
      <symbol id="sm-2b9">
         <name>IntPriorityMaskSet</name>
         <value>0x2c23</value>
         <object_component_ref idref="oc-119"/>
      </symbol>
      <symbol id="sm-2ba">
         <name>IntPriorityGroupingSet</name>
         <value>0x2935</value>
         <object_component_ref idref="oc-119"/>
      </symbol>
      <symbol id="sm-2bb">
         <name>IntDisable</name>
         <value>0x2a6d</value>
         <object_component_ref idref="oc-119"/>
      </symbol>
      <symbol id="sm-2bc">
         <name>IntRegister</name>
         <value>0x28cf</value>
         <object_component_ref idref="oc-119"/>
      </symbol>
      <symbol id="sm-2bd">
         <name>IntPriorityGet</name>
         <value>0x29d7</value>
         <object_component_ref idref="oc-119"/>
      </symbol>
      <symbol id="sm-2be">
         <name>IntMasterDisable</name>
         <value>0x28bf</value>
         <object_component_ref idref="oc-119"/>
      </symbol>
      <symbol id="sm-2bf">
         <name>IntUnregister</name>
         <value>0x2921</value>
         <object_component_ref idref="oc-119"/>
      </symbol>
      <symbol id="sm-2c0">
         <name>IntPriorityMaskGet</name>
         <value>0x2c2f</value>
         <object_component_ref idref="oc-119"/>
      </symbol>
      <symbol id="sm-2c1">
         <name>g_pfnRAMVectors</name>
         <value>0x20000000</value>
         <object_component_ref idref="oc-196"/>
      </symbol>
      <symbol id="sm-2c2">
         <name>IntMasterEnable</name>
         <value>0x28af</value>
         <object_component_ref idref="oc-119"/>
      </symbol>
      <symbol id="sm-2c3">
         <name>IntPendSet</name>
         <value>0x2b65</value>
         <object_component_ref idref="oc-119"/>
      </symbol>
      <symbol id="sm-40c">
         <name>SysCtlGPIOAHBEnable</name>
         <value>0xfb3</value>
         <object_component_ref idref="oc-c2"/>
      </symbol>
      <symbol id="sm-40d">
         <name>SysCtlIntRegister</name>
         <value>0x691</value>
         <object_component_ref idref="oc-c2"/>
      </symbol>
      <symbol id="sm-40e">
         <name>SysCtlFlashSizeGet</name>
         <value>0x2d3</value>
         <object_component_ref idref="oc-c2"/>
      </symbol>
      <symbol id="sm-40f">
         <name>SysCtlPeripheralDeepSleepEnable</name>
         <value>0x5a5</value>
         <object_component_ref idref="oc-c2"/>
      </symbol>
      <symbol id="sm-410">
         <name>SysCtlLDODeepSleepGet</name>
         <value>0x737</value>
         <object_component_ref idref="oc-c2"/>
      </symbol>
      <symbol id="sm-411">
         <name>SysCtlFlashSectorSizeGet</name>
         <value>0x2ff</value>
         <object_component_ref idref="oc-c2"/>
      </symbol>
      <symbol id="sm-412">
         <name>SysCtlIntDisable</name>
         <value>0x6cd</value>
         <object_component_ref idref="oc-c2"/>
      </symbol>
      <symbol id="sm-413">
         <name>SysCtlResetBehaviorGet</name>
         <value>0x81d</value>
         <object_component_ref idref="oc-c2"/>
      </symbol>
      <symbol id="sm-414">
         <name>SysCtlPeripheralPresent</name>
         <value>0x325</value>
         <object_component_ref idref="oc-c2"/>
      </symbol>
      <symbol id="sm-415">
         <name>SysCtlDeepSleepClockSet</name>
         <value>0xedb</value>
         <object_component_ref idref="oc-c2"/>
      </symbol>
      <symbol id="sm-416">
         <name>SysCtlClockSet</name>
         <value>0xb65</value>
         <object_component_ref idref="oc-c2"/>
      </symbol>
      <symbol id="sm-417">
         <name>SysCtlAltClkConfig</name>
         <value>0x1145</value>
         <object_component_ref idref="oc-c2"/>
      </symbol>
      <symbol id="sm-418">
         <name>SysCtlPeripheralClockGating</name>
         <value>0x63d</value>
         <object_component_ref idref="oc-c2"/>
      </symbol>
      <symbol id="sm-419">
         <name>SysCtlIntStatus</name>
         <value>0x6f5</value>
         <object_component_ref idref="oc-c2"/>
      </symbol>
      <symbol id="sm-41a">
         <name>SysCtlIntClear</name>
         <value>0x6e5</value>
         <object_component_ref idref="oc-c2"/>
      </symbol>
      <symbol id="sm-41b">
         <name>SysCtlVoltageEventStatus</name>
         <value>0x1019</value>
         <object_component_ref idref="oc-c2"/>
      </symbol>
      <symbol id="sm-41c">
         <name>SysCtlVoltageEventConfig</name>
         <value>0x1009</value>
         <object_component_ref idref="oc-c2"/>
      </symbol>
      <symbol id="sm-41d">
         <name>SysCtlResetCauseGet</name>
         <value>0x78d</value>
         <object_component_ref idref="oc-c2"/>
      </symbol>
      <symbol id="sm-41e">
         <name>SysCtlSleep</name>
         <value>0x769</value>
         <object_component_ref idref="oc-c2"/>
      </symbol>
      <symbol id="sm-41f">
         <name>SysCtlPWMClockGet</name>
         <value>0xf9d</value>
         <object_component_ref idref="oc-c2"/>
      </symbol>
      <symbol id="sm-420">
         <name>SysCtlDeepSleepPowerSet</name>
         <value>0x751</value>
         <object_component_ref idref="oc-c2"/>
      </symbol>
      <symbol id="sm-421">
         <name>SysCtlClockOutConfig</name>
         <value>0x1129</value>
         <object_component_ref idref="oc-c2"/>
      </symbol>
      <symbol id="sm-422">
         <name>SysCtlNMIStatus</name>
         <value>0x10f9</value>
         <object_component_ref idref="oc-c2"/>
      </symbol>
      <symbol id="sm-423">
         <name>SysCtlDeepSleepClockConfigSet</name>
         <value>0xef9</value>
         <object_component_ref idref="oc-c2"/>
      </symbol>
      <symbol id="sm-424">
         <name>SysCtlDelay</name>
         <value>0x3195</value>
         <object_component_ref idref="oc-12e"/>
      </symbol>
      <symbol id="sm-425">
         <name>SysCtlVoltageEventClear</name>
         <value>0x1025</value>
         <object_component_ref idref="oc-c2"/>
      </symbol>
      <symbol id="sm-426">
         <name>SysCtlLDOSleepSet</name>
         <value>0x711</value>
         <object_component_ref idref="oc-c2"/>
      </symbol>
      <symbol id="sm-427">
         <name>SysCtlMOSCConfigSet</name>
         <value>0x7a7</value>
         <object_component_ref idref="oc-c2"/>
      </symbol>
      <symbol id="sm-428">
         <name>SysCtlPeripheralEnable</name>
         <value>0x4a5</value>
         <object_component_ref idref="oc-c2"/>
      </symbol>
      <symbol id="sm-429">
         <name>SysCtlIntEnable</name>
         <value>0x6b9</value>
         <object_component_ref idref="oc-c2"/>
      </symbol>
      <symbol id="sm-42a">
         <name>SysCtlNMIClear</name>
         <value>0x110d</value>
         <object_component_ref idref="oc-c2"/>
      </symbol>
      <symbol id="sm-42b">
         <name>SysCtlPeripheralPowerOff</name>
         <value>0x3e1</value>
         <object_component_ref idref="oc-c2"/>
      </symbol>
      <symbol id="sm-42c">
         <name>SysCtlSleepPowerSet</name>
         <value>0x73d</value>
         <object_component_ref idref="oc-c2"/>
      </symbol>
      <symbol id="sm-42d">
         <name>SysCtlDeepSleep</name>
         <value>0x771</value>
         <object_component_ref idref="oc-c2"/>
      </symbol>
      <symbol id="sm-42e">
         <name>SysCtlLDODeepSleepSet</name>
         <value>0x727</value>
         <object_component_ref idref="oc-c2"/>
      </symbol>
      <symbol id="sm-42f">
         <name>SysCtlPeripheralPowerOn</name>
         <value>0x3a5</value>
         <object_component_ref idref="oc-c2"/>
      </symbol>
      <symbol id="sm-430">
         <name>SysCtlPeripheralDeepSleepDisable</name>
         <value>0x5f5</value>
         <object_component_ref idref="oc-c2"/>
      </symbol>
      <symbol id="sm-431">
         <name>SysCtlPeripheralSleepDisable</name>
         <value>0x569</value>
         <object_component_ref idref="oc-c2"/>
      </symbol>
      <symbol id="sm-432">
         <name>SysCtlVCOGet</name>
         <value>0x103d</value>
         <object_component_ref idref="oc-c2"/>
      </symbol>
      <symbol id="sm-433">
         <name>SysCtlResetBehaviorSet</name>
         <value>0x80d</value>
         <object_component_ref idref="oc-c2"/>
      </symbol>
      <symbol id="sm-434">
         <name>SysCtlReset</name>
         <value>0x761</value>
         <object_component_ref idref="oc-c2"/>
      </symbol>
      <symbol id="sm-435">
         <name>SysCtlGPIOAHBDisable</name>
         <value>0xfcf</value>
         <object_component_ref idref="oc-c2"/>
      </symbol>
      <symbol id="sm-436">
         <name>SysCtlSRAMSizeGet</name>
         <value>0x2c9</value>
         <object_component_ref idref="oc-c2"/>
      </symbol>
      <symbol id="sm-437">
         <name>SysCtlClockGet</name>
         <value>0xd35</value>
         <object_component_ref idref="oc-c2"/>
      </symbol>
      <symbol id="sm-438">
         <name>SysCtlPeripheralDisable</name>
         <value>0x4e1</value>
         <object_component_ref idref="oc-c2"/>
      </symbol>
      <symbol id="sm-439">
         <name>SysCtlPWMClockSet</name>
         <value>0xf83</value>
         <object_component_ref idref="oc-c2"/>
      </symbol>
      <symbol id="sm-43a">
         <name>SysCtlUSBPLLEnable</name>
         <value>0xfeb</value>
         <object_component_ref idref="oc-c2"/>
      </symbol>
      <symbol id="sm-43b">
         <name>SysCtlPeripheralSleepEnable</name>
         <value>0x525</value>
         <object_component_ref idref="oc-c2"/>
      </symbol>
      <symbol id="sm-43c">
         <name>SysCtlIntUnregister</name>
         <value>0x6a9</value>
         <object_component_ref idref="oc-c2"/>
      </symbol>
      <symbol id="sm-43d">
         <name>SysCtlUSBPLLDisable</name>
         <value>0xff7</value>
         <object_component_ref idref="oc-c2"/>
      </symbol>
      <symbol id="sm-43e">
         <name>SysCtlPeripheralReady</name>
         <value>0x365</value>
         <object_component_ref idref="oc-c2"/>
      </symbol>
      <symbol id="sm-43f">
         <name>SysCtlPIOSCCalibrate</name>
         <value>0x7bd</value>
         <object_component_ref idref="oc-c2"/>
      </symbol>
      <symbol id="sm-440">
         <name>SysCtlResetCauseClear</name>
         <value>0x793</value>
         <object_component_ref idref="oc-c2"/>
      </symbol>
      <symbol id="sm-441">
         <name>SysCtlLDOSleepGet</name>
         <value>0x721</value>
         <object_component_ref idref="oc-c2"/>
      </symbol>
      <symbol id="sm-442">
         <name>SysCtlClockFreqSet</name>
         <value>0x86d</value>
         <object_component_ref idref="oc-c2"/>
      </symbol>
      <symbol id="sm-443">
         <name>SysCtlPeripheralReset</name>
         <value>0x41d</value>
         <object_component_ref idref="oc-c2"/>
      </symbol>
      <symbol id="sm-4a2">
         <name>Ddi_ioexpS_Init</name>
         <value>0x250d</value>
         <object_component_ref idref="oc-c8"/>
      </symbol>
      <symbol id="sm-4a3">
         <name>Ddi_i2c_SendI2C_IOEXP</name>
         <value>0x2587</value>
         <object_component_ref idref="oc-c8"/>
      </symbol>
      <symbol id="sm-4a4">
         <name>Ddi_ioexp_Init</name>
         <value>0x2495</value>
         <object_component_ref idref="oc-c8"/>
      </symbol>
      <symbol id="sm-4a5">
         <name>Ddi_i2c_ReadI2C_IOEXP</name>
         <value>0x270d</value>
         <object_component_ref idref="oc-c8"/>
      </symbol>
      <symbol id="sm-4bc">
         <name>HR_Sys_Clock_Freq</name>
         <value>0x20000470</value>
      </symbol>
      <symbol id="sm-4bd">
         <name>cpt</name>
         <value>0x20000474</value>
      </symbol>
      <symbol id="sm-4be">
         <name>value</name>
         <value>0x2000047c</value>
      </symbol>
      <symbol id="sm-4bf">
         <name>main</name>
         <value>0x3125</value>
         <object_component_ref idref="oc-9b"/>
      </symbol>
      <symbol id="sm-4ea">
         <name>rxByte</name>
         <value>0x20000478</value>
      </symbol>
      <symbol id="sm-4eb">
         <name>chenillard</name>
         <value>0x2c95</value>
         <object_component_ref idref="oc-ce"/>
      </symbol>
      <symbol id="sm-4ec">
         <name>sleep_ms</name>
         <value>0x2d95</value>
         <object_component_ref idref="oc-ce"/>
      </symbol>
      <symbol id="sm-4ed">
         <name>sleep_s</name>
         <value>0x2dab</value>
         <object_component_ref idref="oc-ce"/>
      </symbol>
      <symbol id="sm-4ee">
         <name>isButtonPressed</name>
         <value>0x2c6d</value>
         <object_component_ref idref="oc-ce"/>
      </symbol>
      <symbol id="sm-503">
         <name>__aeabi_ddiv</name>
         <value>0x2df5</value>
         <object_component_ref idref="oc-158"/>
      </symbol>
      <symbol id="sm-50e">
         <name>__aeabi_dmul</name>
         <value>0x2f2b</value>
         <object_component_ref idref="oc-153"/>
      </symbol>
      <symbol id="sm-518">
         <name>__aeabi_d2uiz</name>
         <value>0x306d</value>
         <object_component_ref idref="oc-15d"/>
      </symbol>
      <symbol id="sm-522">
         <name>__aeabi_ui2d</name>
         <value>0x314d</value>
         <object_component_ref idref="oc-14e"/>
      </symbol>
      <symbol id="sm-53b">
         <name>__TI_zero_init_nomemset</name>
         <value>0x316d</value>
         <object_component_ref idref="oc-47"/>
      </symbol>
      <symbol id="sm-550">
         <name>__stack</name>
         <value>0x20000270</value>
         <object_component_ref idref="oc-24"/>
      </symbol>
      <symbol id="sm-551">
         <name>_c_int00_noargs</name>
         <value>0x30f1</value>
         <object_component_ref idref="oc-59"/>
      </symbol>
      <symbol id="sm-57b">
         <name>__TI_auto_init_nobinit_nopinit</name>
         <value>0x3029</value>
         <object_component_ref idref="oc-e4"/>
      </symbol>
      <symbol id="sm-585">
         <name>_system_pre_init</name>
         <value>0x319b</value>
         <object_component_ref idref="oc-95"/>
      </symbol>
      <symbol id="sm-591">
         <name>C$$EXIT</name>
         <value>0x319f</value>
         <object_component_ref idref="oc-d8"/>
      </symbol>
      <symbol id="sm-592">
         <name>abort</name>
         <value>0x319f</value>
         <object_component_ref idref="oc-d8"/>
      </symbol>
      <symbol id="sm-595">
         <name>__TI_static_base__</name>
         <value>0x0</value>
      </symbol>
      <symbol id="sm-597">
         <name>__mpu_init</name>
         <value>0x0</value>
      </symbol>
      <symbol id="sm-598">
         <name>_system_post_cinit</name>
         <value>0x0</value>
      </symbol>
   </symbol_table>
   <title>Link successful</title>
</link_info>
